#
# There is insufficient memory for the Java Runtime Environment to continue.
# Native memory allocation (mmap) failed to map 65536 bytes for Failed to commit metaspace.
# Possible reasons:
#   The system is out of physical RAM or swap space
#   The process is running with CompressedOops enabled, and the Java Heap may be blocking the growth of the native heap
# Possible solutions:
#   Reduce memory load on the system
#   Increase physical memory or swap space
#   Check if swap backing store is full
#   Decrease Java heap size (-Xmx/-Xms)
#   Decrease number of Java threads
#   Decrease Java thread stack sizes (-Xss)
#   Set larger code cache with -XX:ReservedCodeCacheSize=
#   JVM is running with Zero Based Compressed Oops mode in which the Java heap is
#     placed in the first 32GB address space. The Java Heap base address is the
#     maximum limit for the native heap growth. Please use -XX:HeapBaseMinAddress
#     to set the Java Heap base and to place the Java Heap above 32GB virtual address.
# This output file may be truncated or incomplete.
#
#  Out of Memory Error (virtualSpaceNode.cpp:110), pid=16380, tid=19668
#
# JRE version: Java(TM) SE Runtime Environment (17.0.12+8) (build 17.0.12+8-LTS-286)
# Java VM: Java HotSpot(TM) 64-Bit Server VM (17.0.12+8-LTS-286, mixed mode, emulated-client, sharing, tiered, compressed oops, compressed class ptrs, g1 gc, windows-amd64)
# No core dump will be written. Minidumps are not enabled by default on client versions of Windows
#

---------------  S U M M A R Y ------------

Command Line: -Dcom.sun.management.jmxremote -Dcom.sun.management.jmxremote.port=59843 -Dcom.sun.management.jmxremote.authenticate=false -Dcom.sun.management.jmxremote.ssl=false -Djava.rmi.server.hostname=localhost -Dspring.jmx.enabled=true -Dmanagement.endpoints.jmx.exposure.include=* -Dspring.application.admin.enabled=true -Dspring.output.ansi.enabled=always -XX:TieredStopAtLevel=1 -Dspring.boot.project.name=blogpessoal -Dfile.encoding=UTF-8 -Dstdout.encoding=UTF-8 -Dstderr.encoding=UTF-8 -XX:+ShowCodeDetailsInExceptionMessages com.generation.blogpessoal.BlogpessoalApplication

Host: Intel(R) Core(TM) i5-8500 CPU @ 3.00GHz, 6 cores, 15G,  Windows 10 , 64 bit Build 19041 (10.0.19041.5678)
Time: Wed Apr 16 13:49:57 2025 Hora oficial do Brasil elapsed time: 0.834457 seconds (0d 0h 0m 0s)

---------------  T H R E A D  ---------------

Current thread (0x0000020ea13d32d0):  JavaThread "main" [_thread_in_vm, id=19668, stack(0x000000f138400000,0x000000f138500000)]

Stack: [0x000000f138400000,0x000000f138500000]
Native frames: (J=compiled Java code, j=interpreted, Vv=VM code, C=native code)
V  [jvm.dll+0x67a04a]
V  [jvm.dll+0x7da4ed]
V  [jvm.dll+0x7dbe33]
V  [jvm.dll+0x7dc4a3]
V  [jvm.dll+0x24508f]
V  [jvm.dll+0x7d60bb]
V  [jvm.dll+0x6206c6]
V  [jvm.dll+0x62072a]
V  [jvm.dll+0x622f4d]
V  [jvm.dll+0x621086]
V  [jvm.dll+0x631f09]
V  [jvm.dll+0x62b264]
V  [jvm.dll+0x37d8f1]
C  0x0000020ea8c9c19c

Java frames: (J=compiled Java code, j=interpreted, Vv=VM code)
j  java.lang.StackWalker.hasLocalsOperandsOption()Z+0 java.base@17.0.12
j  java.lang.StackStreamFactory.makeStackTraverser(Ljava/lang/StackWalker;Ljava/util/function/Function;)Ljava/lang/StackStreamFactory$StackFrameTraverser;+1 java.base@17.0.12
j  java.lang.StackWalker.walk(Ljava/util/function/Function;)Ljava/lang/Object;+7 java.base@17.0.12
j  org.springframework.boot.SpringApplication.deduceMainApplicationClass()Ljava/lang/Class;+12
j  org.springframework.boot.SpringApplication.<init>(Lorg/springframework/core/io/ResourceLoader;[Ljava/lang/Class;)V+131
j  org.springframework.boot.SpringApplication.<init>([Ljava/lang/Class;)V+3
j  org.springframework.boot.SpringApplication.run([Ljava/lang/Class;[Ljava/lang/String;)Lorg/springframework/context/ConfigurableApplicationContext;+5
j  org.springframework.boot.SpringApplication.run(Ljava/lang/Class;[Ljava/lang/String;)Lorg/springframework/context/ConfigurableApplicationContext;+9
j  com.generation.blogpessoal.BlogpessoalApplication.main([Ljava/lang/String;)V+3
v  ~StubRoutines::call_stub

---------------  P R O C E S S  ---------------

Threads class SMR info:
_java_thread_list=0x0000020efd6dd3c0, length=16, elements={
0x0000020ea13d32d0, 0x0000020eb7c8be40, 0x0000020eb7c8d370, 0x0000020eb7c9e450,
0x0000020eb7ca10f0, 0x0000020eb7ca2dd0, 0x0000020eb7ca46b0, 0x0000020eb7ca5030,
0x0000020eb7cbb480, 0x0000020eb7c75040, 0x0000020efd0d1ae0, 0x0000020efd0d8020,
0x0000020efd11e7e0, 0x0000020efd5cb6a0, 0x0000020efd5c84d0, 0x0000020efd7022b0
}

Java Threads: ( => current thread )
=>0x0000020ea13d32d0 JavaThread "main" [_thread_in_vm, id=19668, stack(0x000000f138400000,0x000000f138500000)]
  0x0000020eb7c8be40 JavaThread "Reference Handler" daemon [_thread_blocked, id=17060, stack(0x000000f138b00000,0x000000f138c00000)]
  0x0000020eb7c8d370 JavaThread "Finalizer" daemon [_thread_blocked, id=25844, stack(0x000000f138c00000,0x000000f138d00000)]
  0x0000020eb7c9e450 JavaThread "Signal Dispatcher" daemon [_thread_blocked, id=19528, stack(0x000000f138d00000,0x000000f138e00000)]
  0x0000020eb7ca10f0 JavaThread "Attach Listener" daemon [_thread_blocked, id=15096, stack(0x000000f138e00000,0x000000f138f00000)]
  0x0000020eb7ca2dd0 JavaThread "Service Thread" daemon [_thread_blocked, id=4932, stack(0x000000f138f00000,0x000000f139000000)]
  0x0000020eb7ca46b0 JavaThread "Monitor Deflation Thread" daemon [_thread_blocked, id=2404, stack(0x000000f139000000,0x000000f139100000)]
  0x0000020eb7ca5030 JavaThread "C1 CompilerThread0" daemon [_thread_blocked, id=24640, stack(0x000000f139100000,0x000000f139200000)]
  0x0000020eb7cbb480 JavaThread "Sweeper thread" daemon [_thread_blocked, id=19580, stack(0x000000f139200000,0x000000f139300000)]
  0x0000020eb7c75040 JavaThread "Common-Cleaner" daemon [_thread_blocked, id=14672, stack(0x000000f139300000,0x000000f139400000)]
  0x0000020efd0d1ae0 JavaThread "C1 CompilerThread1" daemon [_thread_blocked, id=25732, stack(0x000000f139400000,0x000000f139500000)]
  0x0000020efd0d8020 JavaThread "C1 CompilerThread2" daemon [_thread_blocked, id=1596, stack(0x000000f139500000,0x000000f139600000)]
  0x0000020efd11e7e0 JavaThread "Notification Thread" daemon [_thread_blocked, id=4252, stack(0x000000f139600000,0x000000f139700000)]
  0x0000020efd5cb6a0 JavaThread "RMI TCP Accept-0" daemon [_thread_in_native, id=16756, stack(0x000000f139700000,0x000000f139800000)]
  0x0000020efd5c84d0 JavaThread "RMI TCP Accept-59843" daemon [_thread_in_native, id=8212, stack(0x000000f139800000,0x000000f139900000)]
  0x0000020efd7022b0 JavaThread "RMI TCP Accept-0" daemon [_thread_in_native, id=25220, stack(0x000000f139900000,0x000000f139a00000)]

Other Threads:
  0x0000020eb7c872d0 VMThread "VM Thread" [stack: 0x000000f138a00000,0x000000f138b00000] [id=24396]
  0x0000020efd5c8bc0 WatcherThread [stack: 0x000000f139a00000,0x000000f139b00000] [id=7712]
  0x0000020ea143d410 GCTaskThread "GC Thread#0" [stack: 0x000000f138500000,0x000000f138600000] [id=25232]
  0x0000020efd716930 GCTaskThread "GC Thread#1" [stack: 0x000000f139b00000,0x000000f139c00000] [id=25096]
  0x0000020efd716bf0 GCTaskThread "GC Thread#2" [stack: 0x000000f139c00000,0x000000f139d00000] [id=25456]
  0x0000020efd8663e0 GCTaskThread "GC Thread#3" [stack: 0x000000f139d00000,0x000000f139e00000] [id=25400]
  0x0000020efd8666a0 GCTaskThread "GC Thread#4" [stack: 0x000000f139e00000,0x000000f139f00000] [id=24488]
  0x0000020efd866960 GCTaskThread "GC Thread#5" [stack: 0x000000f139f00000,0x000000f13a000000] [id=18336]
  0x0000020ea144e1f0 ConcurrentGCThread "G1 Main Marker" [stack: 0x000000f138600000,0x000000f138700000] [id=24440]
  0x0000020ea144eb10 ConcurrentGCThread "G1 Conc#0" [stack: 0x000000f138700000,0x000000f138800000] [id=5916]
  0x0000020ea149c810 ConcurrentGCThread "G1 Refine#0" [stack: 0x000000f138800000,0x000000f138900000] [id=25548]
  0x0000020efd862060 ConcurrentGCThread "G1 Refine#1" [stack: 0x000000f13a000000,0x000000f13a100000] [id=7784]
  0x0000020efd84d710 ConcurrentGCThread "G1 Refine#2" [stack: 0x000000f13a100000,0x000000f13a200000] [id=14320]
  0x0000020ea149d150 ConcurrentGCThread "G1 Service" [stack: 0x000000f138900000,0x000000f138a00000] [id=5236]

Threads with active compile tasks:

VM state: not at safepoint (normal execution)

VM Mutex/Monitor currently owned by a thread:  ([mutex/lock_event])
[0x0000020ea13c1540] Metaspace_lock - owner thread: 0x0000020ea13d32d0

Heap address: 0x0000000700800000, size: 4088 MB, Compressed Oops mode: Zero based, Oop shift amount: 3

CDS archive(s) mapped at: [0x0000020eb8000000-0x0000020eb8bd0000-0x0000020eb8bd0000), size 12386304, SharedBaseAddress: 0x0000020eb8000000, ArchiveRelocationMode: 1.
Compressed class space mapped at: 0x0000020eb9000000-0x0000020ef9000000, reserved size: 1073741824
Narrow klass base: 0x0000020eb8000000, Narrow klass shift: 0, Narrow klass range: 0x100000000

GC Precious Log:
 CPUs: 6 total, 6 available
 Memory: 16350M
 Large Page Support: Disabled
 NUMA Support: Disabled
 Compressed Oops: Enabled (Zero based)
 Heap Region Size: 2M
 Heap Min Capacity: 8M
 Heap Initial Capacity: 256M
 Heap Max Capacity: 4088M
 Pre-touch: Disabled
 Parallel Workers: 6
 Concurrent Workers: 2
 Concurrent Refinement Workers: 6
 Periodic GC: Disabled

Heap:
 garbage-first heap   total 262144K, used 7708K [0x0000000700800000, 0x0000000800000000)
  region size 2048K, 3 young (6144K), 2 survivors (4096K)
 Metaspace       used 6344K, committed 6528K, reserved 1114112K
  class space    used 805K, committed 896K, reserved 1048576K

Heap Regions: E=young(eden), S=young(survivor), O=old, HS=humongous(starts), HC=humongous(continues), CS=collection set, F=free, OA=open archive, CA=closed archive, TAMS=top-at-mark-start (previous, next)
|   0|0x0000000700800000, 0x0000000700a00000, 0x0000000700a00000|100%| O|  |TAMS 0x0000000700800000, 0x0000000700800000| Untracked 
|   1|0x0000000700a00000, 0x0000000700b87000, 0x0000000700c00000| 76%| O|  |TAMS 0x0000000700a00000, 0x0000000700a00000| Untracked 
|   2|0x0000000700c00000, 0x0000000700c00000, 0x0000000700e00000|  0%| F|  |TAMS 0x0000000700c00000, 0x0000000700c00000| Untracked 
|   3|0x0000000700e00000, 0x0000000700e00000, 0x0000000701000000|  0%| F|  |TAMS 0x0000000700e00000, 0x0000000700e00000| Untracked 
|   4|0x0000000701000000, 0x0000000701000000, 0x0000000701200000|  0%| F|  |TAMS 0x0000000701000000, 0x0000000701000000| Untracked 
|   5|0x0000000701200000, 0x0000000701200000, 0x0000000701400000|  0%| F|  |TAMS 0x0000000701200000, 0x0000000701200000| Untracked 
|   6|0x0000000701400000, 0x0000000701400000, 0x0000000701600000|  0%| F|  |TAMS 0x0000000701400000, 0x0000000701400000| Untracked 
|   7|0x0000000701600000, 0x0000000701600000, 0x0000000701800000|  0%| F|  |TAMS 0x0000000701600000, 0x0000000701600000| Untracked 
|   8|0x0000000701800000, 0x0000000701800000, 0x0000000701a00000|  0%| F|  |TAMS 0x0000000701800000, 0x0000000701800000| Untracked 
|   9|0x0000000701a00000, 0x0000000701a00000, 0x0000000701c00000|  0%| F|  |TAMS 0x0000000701a00000, 0x0000000701a00000| Untracked 
|  10|0x0000000701c00000, 0x0000000701c00000, 0x0000000701e00000|  0%| F|  |TAMS 0x0000000701c00000, 0x0000000701c00000| Untracked 
|  11|0x0000000701e00000, 0x0000000701e00000, 0x0000000702000000|  0%| F|  |TAMS 0x0000000701e00000, 0x0000000701e00000| Untracked 
|  12|0x0000000702000000, 0x0000000702000000, 0x0000000702200000|  0%| F|  |TAMS 0x0000000702000000, 0x0000000702000000| Untracked 
|  13|0x0000000702200000, 0x0000000702200000, 0x0000000702400000|  0%| F|  |TAMS 0x0000000702200000, 0x0000000702200000| Untracked 
|  14|0x0000000702400000, 0x0000000702400000, 0x0000000702600000|  0%| F|  |TAMS 0x0000000702400000, 0x0000000702400000| Untracked 
|  15|0x0000000702600000, 0x0000000702600000, 0x0000000702800000|  0%| F|  |TAMS 0x0000000702600000, 0x0000000702600000| Untracked 
|  16|0x0000000702800000, 0x0000000702800000, 0x0000000702a00000|  0%| F|  |TAMS 0x0000000702800000, 0x0000000702800000| Untracked 
|  17|0x0000000702a00000, 0x0000000702a00000, 0x0000000702c00000|  0%| F|  |TAMS 0x0000000702a00000, 0x0000000702a00000| Untracked 
|  18|0x0000000702c00000, 0x0000000702c00000, 0x0000000702e00000|  0%| F|  |TAMS 0x0000000702c00000, 0x0000000702c00000| Untracked 
|  19|0x0000000702e00000, 0x0000000702e00000, 0x0000000703000000|  0%| F|  |TAMS 0x0000000702e00000, 0x0000000702e00000| Untracked 
|  20|0x0000000703000000, 0x0000000703000000, 0x0000000703200000|  0%| F|  |TAMS 0x0000000703000000, 0x0000000703000000| Untracked 
|  21|0x0000000703200000, 0x0000000703200000, 0x0000000703400000|  0%| F|  |TAMS 0x0000000703200000, 0x0000000703200000| Untracked 
|  22|0x0000000703400000, 0x0000000703400000, 0x0000000703600000|  0%| F|  |TAMS 0x0000000703400000, 0x0000000703400000| Untracked 
|  23|0x0000000703600000, 0x0000000703600000, 0x0000000703800000|  0%| F|  |TAMS 0x0000000703600000, 0x0000000703600000| Untracked 
|  24|0x0000000703800000, 0x0000000703800000, 0x0000000703a00000|  0%| F|  |TAMS 0x0000000703800000, 0x0000000703800000| Untracked 
|  25|0x0000000703a00000, 0x0000000703a00000, 0x0000000703c00000|  0%| F|  |TAMS 0x0000000703a00000, 0x0000000703a00000| Untracked 
|  26|0x0000000703c00000, 0x0000000703c00000, 0x0000000703e00000|  0%| F|  |TAMS 0x0000000703c00000, 0x0000000703c00000| Untracked 
|  27|0x0000000703e00000, 0x0000000703e00000, 0x0000000704000000|  0%| F|  |TAMS 0x0000000703e00000, 0x0000000703e00000| Untracked 
|  28|0x0000000704000000, 0x0000000704000000, 0x0000000704200000|  0%| F|  |TAMS 0x0000000704000000, 0x0000000704000000| Untracked 
|  29|0x0000000704200000, 0x0000000704200000, 0x0000000704400000|  0%| F|  |TAMS 0x0000000704200000, 0x0000000704200000| Untracked 
|  30|0x0000000704400000, 0x0000000704400000, 0x0000000704600000|  0%| F|  |TAMS 0x0000000704400000, 0x0000000704400000| Untracked 
|  31|0x0000000704600000, 0x0000000704600000, 0x0000000704800000|  0%| F|  |TAMS 0x0000000704600000, 0x0000000704600000| Untracked 
|  32|0x0000000704800000, 0x0000000704800000, 0x0000000704a00000|  0%| F|  |TAMS 0x0000000704800000, 0x0000000704800000| Untracked 
|  33|0x0000000704a00000, 0x0000000704a00000, 0x0000000704c00000|  0%| F|  |TAMS 0x0000000704a00000, 0x0000000704a00000| Untracked 
|  34|0x0000000704c00000, 0x0000000704c00000, 0x0000000704e00000|  0%| F|  |TAMS 0x0000000704c00000, 0x0000000704c00000| Untracked 
|  35|0x0000000704e00000, 0x0000000704e00000, 0x0000000705000000|  0%| F|  |TAMS 0x0000000704e00000, 0x0000000704e00000| Untracked 
|  36|0x0000000705000000, 0x0000000705000000, 0x0000000705200000|  0%| F|  |TAMS 0x0000000705000000, 0x0000000705000000| Untracked 
|  37|0x0000000705200000, 0x0000000705200000, 0x0000000705400000|  0%| F|  |TAMS 0x0000000705200000, 0x0000000705200000| Untracked 
|  38|0x0000000705400000, 0x0000000705400000, 0x0000000705600000|  0%| F|  |TAMS 0x0000000705400000, 0x0000000705400000| Untracked 
|  39|0x0000000705600000, 0x0000000705600000, 0x0000000705800000|  0%| F|  |TAMS 0x0000000705600000, 0x0000000705600000| Untracked 
|  40|0x0000000705800000, 0x0000000705800000, 0x0000000705a00000|  0%| F|  |TAMS 0x0000000705800000, 0x0000000705800000| Untracked 
|  41|0x0000000705a00000, 0x0000000705a00000, 0x0000000705c00000|  0%| F|  |TAMS 0x0000000705a00000, 0x0000000705a00000| Untracked 
|  42|0x0000000705c00000, 0x0000000705c00000, 0x0000000705e00000|  0%| F|  |TAMS 0x0000000705c00000, 0x0000000705c00000| Untracked 
|  43|0x0000000705e00000, 0x0000000705e00000, 0x0000000706000000|  0%| F|  |TAMS 0x0000000705e00000, 0x0000000705e00000| Untracked 
|  44|0x0000000706000000, 0x0000000706000000, 0x0000000706200000|  0%| F|  |TAMS 0x0000000706000000, 0x0000000706000000| Untracked 
|  45|0x0000000706200000, 0x0000000706200000, 0x0000000706400000|  0%| F|  |TAMS 0x0000000706200000, 0x0000000706200000| Untracked 
|  46|0x0000000706400000, 0x0000000706400000, 0x0000000706600000|  0%| F|  |TAMS 0x0000000706400000, 0x0000000706400000| Untracked 
|  47|0x0000000706600000, 0x0000000706600000, 0x0000000706800000|  0%| F|  |TAMS 0x0000000706600000, 0x0000000706600000| Untracked 
|  48|0x0000000706800000, 0x0000000706800000, 0x0000000706a00000|  0%| F|  |TAMS 0x0000000706800000, 0x0000000706800000| Untracked 
|  49|0x0000000706a00000, 0x0000000706a00000, 0x0000000706c00000|  0%| F|  |TAMS 0x0000000706a00000, 0x0000000706a00000| Untracked 
|  50|0x0000000706c00000, 0x0000000706c00000, 0x0000000706e00000|  0%| F|  |TAMS 0x0000000706c00000, 0x0000000706c00000| Untracked 
|  51|0x0000000706e00000, 0x0000000706e00000, 0x0000000707000000|  0%| F|  |TAMS 0x0000000706e00000, 0x0000000706e00000| Untracked 
|  52|0x0000000707000000, 0x0000000707000000, 0x0000000707200000|  0%| F|  |TAMS 0x0000000707000000, 0x0000000707000000| Untracked 
|  53|0x0000000707200000, 0x0000000707200000, 0x0000000707400000|  0%| F|  |TAMS 0x0000000707200000, 0x0000000707200000| Untracked 
|  54|0x0000000707400000, 0x0000000707400000, 0x0000000707600000|  0%| F|  |TAMS 0x0000000707400000, 0x0000000707400000| Untracked 
|  55|0x0000000707600000, 0x0000000707600000, 0x0000000707800000|  0%| F|  |TAMS 0x0000000707600000, 0x0000000707600000| Untracked 
|  56|0x0000000707800000, 0x0000000707800000, 0x0000000707a00000|  0%| F|  |TAMS 0x0000000707800000, 0x0000000707800000| Untracked 
|  57|0x0000000707a00000, 0x0000000707a00000, 0x0000000707c00000|  0%| F|  |TAMS 0x0000000707a00000, 0x0000000707a00000| Untracked 
|  58|0x0000000707c00000, 0x0000000707c00000, 0x0000000707e00000|  0%| F|  |TAMS 0x0000000707c00000, 0x0000000707c00000| Untracked 
|  59|0x0000000707e00000, 0x0000000707e00000, 0x0000000708000000|  0%| F|  |TAMS 0x0000000707e00000, 0x0000000707e00000| Untracked 
|  60|0x0000000708000000, 0x0000000708000000, 0x0000000708200000|  0%| F|  |TAMS 0x0000000708000000, 0x0000000708000000| Untracked 
|  61|0x0000000708200000, 0x0000000708200000, 0x0000000708400000|  0%| F|  |TAMS 0x0000000708200000, 0x0000000708200000| Untracked 
|  62|0x0000000708400000, 0x0000000708400000, 0x0000000708600000|  0%| F|  |TAMS 0x0000000708400000, 0x0000000708400000| Untracked 
|  63|0x0000000708600000, 0x0000000708600000, 0x0000000708800000|  0%| F|  |TAMS 0x0000000708600000, 0x0000000708600000| Untracked 
|  64|0x0000000708800000, 0x0000000708800000, 0x0000000708a00000|  0%| F|  |TAMS 0x0000000708800000, 0x0000000708800000| Untracked 
|  65|0x0000000708a00000, 0x0000000708a00000, 0x0000000708c00000|  0%| F|  |TAMS 0x0000000708a00000, 0x0000000708a00000| Untracked 
|  66|0x0000000708c00000, 0x0000000708c00000, 0x0000000708e00000|  0%| F|  |TAMS 0x0000000708c00000, 0x0000000708c00000| Untracked 
|  67|0x0000000708e00000, 0x0000000708e00000, 0x0000000709000000|  0%| F|  |TAMS 0x0000000708e00000, 0x0000000708e00000| Untracked 
|  68|0x0000000709000000, 0x0000000709000000, 0x0000000709200000|  0%| F|  |TAMS 0x0000000709000000, 0x0000000709000000| Untracked 
|  69|0x0000000709200000, 0x0000000709200000, 0x0000000709400000|  0%| F|  |TAMS 0x0000000709200000, 0x0000000709200000| Untracked 
|  70|0x0000000709400000, 0x0000000709400000, 0x0000000709600000|  0%| F|  |TAMS 0x0000000709400000, 0x0000000709400000| Untracked 
|  71|0x0000000709600000, 0x0000000709600000, 0x0000000709800000|  0%| F|  |TAMS 0x0000000709600000, 0x0000000709600000| Untracked 
|  72|0x0000000709800000, 0x0000000709800000, 0x0000000709a00000|  0%| F|  |TAMS 0x0000000709800000, 0x0000000709800000| Untracked 
|  73|0x0000000709a00000, 0x0000000709a00000, 0x0000000709c00000|  0%| F|  |TAMS 0x0000000709a00000, 0x0000000709a00000| Untracked 
|  74|0x0000000709c00000, 0x0000000709c00000, 0x0000000709e00000|  0%| F|  |TAMS 0x0000000709c00000, 0x0000000709c00000| Untracked 
|  75|0x0000000709e00000, 0x0000000709e00000, 0x000000070a000000|  0%| F|  |TAMS 0x0000000709e00000, 0x0000000709e00000| Untracked 
|  76|0x000000070a000000, 0x000000070a000000, 0x000000070a200000|  0%| F|  |TAMS 0x000000070a000000, 0x000000070a000000| Untracked 
|  77|0x000000070a200000, 0x000000070a200000, 0x000000070a400000|  0%| F|  |TAMS 0x000000070a200000, 0x000000070a200000| Untracked 
|  78|0x000000070a400000, 0x000000070a400000, 0x000000070a600000|  0%| F|  |TAMS 0x000000070a400000, 0x000000070a400000| Untracked 
|  79|0x000000070a600000, 0x000000070a600000, 0x000000070a800000|  0%| F|  |TAMS 0x000000070a600000, 0x000000070a600000| Untracked 
|  80|0x000000070a800000, 0x000000070a800000, 0x000000070aa00000|  0%| F|  |TAMS 0x000000070a800000, 0x000000070a800000| Untracked 
|  81|0x000000070aa00000, 0x000000070aa00000, 0x000000070ac00000|  0%| F|  |TAMS 0x000000070aa00000, 0x000000070aa00000| Untracked 
|  82|0x000000070ac00000, 0x000000070ac00000, 0x000000070ae00000|  0%| F|  |TAMS 0x000000070ac00000, 0x000000070ac00000| Untracked 
|  83|0x000000070ae00000, 0x000000070ae00000, 0x000000070b000000|  0%| F|  |TAMS 0x000000070ae00000, 0x000000070ae00000| Untracked 
|  84|0x000000070b000000, 0x000000070b000000, 0x000000070b200000|  0%| F|  |TAMS 0x000000070b000000, 0x000000070b000000| Untracked 
|  85|0x000000070b200000, 0x000000070b200000, 0x000000070b400000|  0%| F|  |TAMS 0x000000070b200000, 0x000000070b200000| Untracked 
|  86|0x000000070b400000, 0x000000070b400000, 0x000000070b600000|  0%| F|  |TAMS 0x000000070b400000, 0x000000070b400000| Untracked 
|  87|0x000000070b600000, 0x000000070b600000, 0x000000070b800000|  0%| F|  |TAMS 0x000000070b600000, 0x000000070b600000| Untracked 
|  88|0x000000070b800000, 0x000000070b800000, 0x000000070ba00000|  0%| F|  |TAMS 0x000000070b800000, 0x000000070b800000| Untracked 
|  89|0x000000070ba00000, 0x000000070ba00000, 0x000000070bc00000|  0%| F|  |TAMS 0x000000070ba00000, 0x000000070ba00000| Untracked 
|  90|0x000000070bc00000, 0x000000070bc00000, 0x000000070be00000|  0%| F|  |TAMS 0x000000070bc00000, 0x000000070bc00000| Untracked 
|  91|0x000000070be00000, 0x000000070be00000, 0x000000070c000000|  0%| F|  |TAMS 0x000000070be00000, 0x000000070be00000| Untracked 
|  92|0x000000070c000000, 0x000000070c000000, 0x000000070c200000|  0%| F|  |TAMS 0x000000070c000000, 0x000000070c000000| Untracked 
|  93|0x000000070c200000, 0x000000070c200000, 0x000000070c400000|  0%| F|  |TAMS 0x000000070c200000, 0x000000070c200000| Untracked 
|  94|0x000000070c400000, 0x000000070c400000, 0x000000070c600000|  0%| F|  |TAMS 0x000000070c400000, 0x000000070c400000| Untracked 
|  95|0x000000070c600000, 0x000000070c600000, 0x000000070c800000|  0%| F|  |TAMS 0x000000070c600000, 0x000000070c600000| Untracked 
|  96|0x000000070c800000, 0x000000070c800000, 0x000000070ca00000|  0%| F|  |TAMS 0x000000070c800000, 0x000000070c800000| Untracked 
|  97|0x000000070ca00000, 0x000000070ca00000, 0x000000070cc00000|  0%| F|  |TAMS 0x000000070ca00000, 0x000000070ca00000| Untracked 
|  98|0x000000070cc00000, 0x000000070cc00000, 0x000000070ce00000|  0%| F|  |TAMS 0x000000070cc00000, 0x000000070cc00000| Untracked 
|  99|0x000000070ce00000, 0x000000070ce00000, 0x000000070d000000|  0%| F|  |TAMS 0x000000070ce00000, 0x000000070ce00000| Untracked 
| 100|0x000000070d000000, 0x000000070d000000, 0x000000070d200000|  0%| F|  |TAMS 0x000000070d000000, 0x000000070d000000| Untracked 
| 101|0x000000070d200000, 0x000000070d200000, 0x000000070d400000|  0%| F|  |TAMS 0x000000070d200000, 0x000000070d200000| Untracked 
| 102|0x000000070d400000, 0x000000070d400000, 0x000000070d600000|  0%| F|  |TAMS 0x000000070d400000, 0x000000070d400000| Untracked 
| 103|0x000000070d600000, 0x000000070d600000, 0x000000070d800000|  0%| F|  |TAMS 0x000000070d600000, 0x000000070d600000| Untracked 
| 104|0x000000070d800000, 0x000000070d800000, 0x000000070da00000|  0%| F|  |TAMS 0x000000070d800000, 0x000000070d800000| Untracked 
| 105|0x000000070da00000, 0x000000070da00000, 0x000000070dc00000|  0%| F|  |TAMS 0x000000070da00000, 0x000000070da00000| Untracked 
| 106|0x000000070dc00000, 0x000000070dc00000, 0x000000070de00000|  0%| F|  |TAMS 0x000000070dc00000, 0x000000070dc00000| Untracked 
| 107|0x000000070de00000, 0x000000070de00000, 0x000000070e000000|  0%| F|  |TAMS 0x000000070de00000, 0x000000070de00000| Untracked 
| 108|0x000000070e000000, 0x000000070e000000, 0x000000070e200000|  0%| F|  |TAMS 0x000000070e000000, 0x000000070e000000| Untracked 
| 109|0x000000070e200000, 0x000000070e200000, 0x000000070e400000|  0%| F|  |TAMS 0x000000070e200000, 0x000000070e200000| Untracked 
| 110|0x000000070e400000, 0x000000070e400000, 0x000000070e600000|  0%| F|  |TAMS 0x000000070e400000, 0x000000070e400000| Untracked 
| 111|0x000000070e600000, 0x000000070e600000, 0x000000070e800000|  0%| F|  |TAMS 0x000000070e600000, 0x000000070e600000| Untracked 
| 112|0x000000070e800000, 0x000000070e800000, 0x000000070ea00000|  0%| F|  |TAMS 0x000000070e800000, 0x000000070e800000| Untracked 
| 113|0x000000070ea00000, 0x000000070ea00000, 0x000000070ec00000|  0%| F|  |TAMS 0x000000070ea00000, 0x000000070ea00000| Untracked 
| 114|0x000000070ec00000, 0x000000070ec00000, 0x000000070ee00000|  0%| F|  |TAMS 0x000000070ec00000, 0x000000070ec00000| Untracked 
| 115|0x000000070ee00000, 0x000000070ee00000, 0x000000070f000000|  0%| F|  |TAMS 0x000000070ee00000, 0x000000070ee00000| Untracked 
| 116|0x000000070f000000, 0x000000070f200000, 0x000000070f200000|100%| S|CS|TAMS 0x000000070f000000, 0x000000070f000000| Complete 
| 117|0x000000070f200000, 0x000000070f400000, 0x000000070f400000|100%| S|CS|TAMS 0x000000070f200000, 0x000000070f200000| Complete 
| 118|0x000000070f400000, 0x000000070f400000, 0x000000070f600000|  0%| F|  |TAMS 0x000000070f400000, 0x000000070f400000| Untracked 
| 119|0x000000070f600000, 0x000000070f600000, 0x000000070f800000|  0%| F|  |TAMS 0x000000070f600000, 0x000000070f600000| Untracked 
| 120|0x000000070f800000, 0x000000070f800000, 0x000000070fa00000|  0%| F|  |TAMS 0x000000070f800000, 0x000000070f800000| Untracked 
| 121|0x000000070fa00000, 0x000000070fa00000, 0x000000070fc00000|  0%| F|  |TAMS 0x000000070fa00000, 0x000000070fa00000| Untracked 
| 122|0x000000070fc00000, 0x000000070fc00000, 0x000000070fe00000|  0%| F|  |TAMS 0x000000070fc00000, 0x000000070fc00000| Untracked 
| 123|0x000000070fe00000, 0x000000070fe00000, 0x0000000710000000|  0%| F|  |TAMS 0x000000070fe00000, 0x000000070fe00000| Untracked 
| 124|0x0000000710000000, 0x0000000710000000, 0x0000000710200000|  0%| F|  |TAMS 0x0000000710000000, 0x0000000710000000| Untracked 
| 125|0x0000000710200000, 0x0000000710200000, 0x0000000710400000|  0%| F|  |TAMS 0x0000000710200000, 0x0000000710200000| Untracked 
| 126|0x0000000710400000, 0x0000000710400000, 0x0000000710600000|  0%| F|  |TAMS 0x0000000710400000, 0x0000000710400000| Untracked 
| 127|0x0000000710600000, 0x0000000710800000, 0x0000000710800000|100%| E|  |TAMS 0x0000000710600000, 0x0000000710600000| Complete 

Card table byte_map: [0x0000020eac490000,0x0000020eacc90000] _byte_map_base: 0x0000020ea8c8c000

Marking Bits (Prev, Next): (CMBitMap*) 0x0000020ea143d940, (CMBitMap*) 0x0000020ea143d980
 Prev Bits: [0x0000020ead490000, 0x0000020eb1470000)
 Next Bits: [0x0000020eb1470000, 0x0000020eb5450000)

Polling page: 0x0000020e9f390000

Metaspace:

Usage:
  Non-class:      5.41 MB used.
      Class:    805.10 KB used.
       Both:      6.20 MB used.

Virtual space:
  Non-class space:       64.00 MB reserved,       5.50 MB (  9%) committed,  1 nodes.
      Class space:        1.00 GB reserved,     896.00 KB ( <1%) committed,  1 nodes.
             Both:        1.06 GB reserved,       6.38 MB ( <1%) committed. 

Chunk freelists:
   Non-Class:  10.42 MB
       Class:  15.02 MB
        Both:  25.44 MB

MaxMetaspaceSize: unlimited
CompressedClassSpaceSize: 1.00 GB
Initial GC threshold: 21.00 MB
Current GC threshold: 21.00 MB
CDS: on
MetaspaceReclaimPolicy: balanced
 - commit_granule_bytes: 65536.
 - commit_granule_words: 8192.
 - virtual_space_node_default_size: 8388608.
 - enlarge_chunks_in_place: 1.
 - new_chunks_are_fully_committed: 0.
 - uncommit_free_chunks: 1.
 - use_allocation_guard: 0.
 - handle_deallocations: 1.


Internal statistics:

num_allocs_failed_limit: 0.
num_arena_births: 134.
num_arena_deaths: 0.
num_vsnodes_births: 2.
num_vsnodes_deaths: 0.
num_space_committed: 102.
num_space_uncommitted: 0.
num_chunks_returned_to_freelist: 0.
num_chunks_taken_from_freelist: 235.
num_chunk_merges: 0.
num_chunk_splits: 157.
num_chunks_enlarged: 101.
num_inconsistent_stats: 0.

CodeCache: size=49152Kb used=4020Kb max_used=4020Kb free=45131Kb
 bounds [0x0000020ea8c90000, 0x0000020ea9080000, 0x0000020eabc90000]
 total_blobs=1685 nmethods=1236 adapters=375
 compilation: enabled
              stopped_count=0, restarted_count=0
 full_count=0

Compilation events (20 events):
Event: 0.793 Thread 0x0000020efd0d1ae0 nmethod 1225 0x0000020ea9078810 code [0x0000020ea90789a0, 0x0000020ea9078a88]
Event: 0.793 Thread 0x0000020efd0d8020 nmethod 1226 0x0000020ea9078b10 code [0x0000020ea9078d00, 0x0000020ea9079068]
Event: 0.795 Thread 0x0000020efd0d8020 1227       1       java.util.concurrent.CopyOnWriteArrayList::getArray (5 bytes)
Event: 0.795 Thread 0x0000020efd0d8020 nmethod 1227 0x0000020ea9079210 code [0x0000020ea90793a0, 0x0000020ea9079478]
Event: 0.801 Thread 0x0000020efd0d1ae0 1230       1       java.security.CodeSource::matchCerts (254 bytes)
Event: 0.801 Thread 0x0000020efd0d8020 1229       1       java.security.SecureClassLoader$CodeSourceKey::equals (60 bytes)
Event: 0.802 Thread 0x0000020efd0d8020 nmethod 1229 0x0000020ea9079a10 code [0x0000020ea9079bc0, 0x0000020ea9079e58]
Event: 0.802 Thread 0x0000020efd0d1ae0 nmethod 1230 0x0000020ea907a010 code [0x0000020ea907a220, 0x0000020ea907a778]
Event: 0.818 Thread 0x0000020efd0d8020 1231       1       java.util.concurrent.atomic.AtomicInteger::get (5 bytes)
Event: 0.818 Thread 0x0000020efd0d8020 nmethod 1231 0x0000020ea907aa90 code [0x0000020ea907ac20, 0x0000020ea907acf8]
Event: 0.818 Thread 0x0000020efd0d8020 1232       1       java.util.zip.InflaterInputStream::<init> (79 bytes)
Event: 0.819 Thread 0x0000020efd0d8020 nmethod 1232 0x0000020ea907ad90 code [0x0000020ea907af60, 0x0000020ea907b558]
Event: 0.820 Thread 0x0000020efd0d1ae0 1233       1       java.lang.invoke.MemberName::<init> (139 bytes)
Event: 0.821 Thread 0x0000020efd0d1ae0 nmethod 1233 0x0000020ea907b690 code [0x0000020ea907b900, 0x0000020ea907c118]
Event: 0.825 Thread 0x0000020efd0d8020 1234       1       java.lang.Class::newReflectionData (66 bytes)
Event: 0.826 Thread 0x0000020efd0d8020 nmethod 1234 0x0000020ea907c490 code [0x0000020ea907c640, 0x0000020ea907ca78]
Event: 0.826 Thread 0x0000020efd0d1ae0 1235       1       java.lang.Class$ReflectionData::<init> (10 bytes)
Event: 0.826 Thread 0x0000020efd0d1ae0 nmethod 1235 0x0000020ea907cc10 code [0x0000020ea907cda0, 0x0000020ea907ce78]
Event: 0.826 Thread 0x0000020efd0d8020 1236       1       java.lang.Class$Atomic::casReflectionData (13 bytes)
Event: 0.826 Thread 0x0000020efd0d8020 nmethod 1236 0x0000020ea907cf10 code [0x0000020ea907d0a0, 0x0000020ea907d1b8]

GC Heap History (2 events):
Event: 0.770 GC heap before
{Heap before GC invocations=0 (full 0):
 garbage-first heap   total 262144K, used 18432K [0x0000000700800000, 0x0000000800000000)
  region size 2048K, 10 young (20480K), 0 survivors (0K)
 Metaspace       used 6017K, committed 6272K, reserved 1114112K
  class space    used 760K, committed 896K, reserved 1048576K
}
Event: 0.776 GC heap after
{Heap after GC invocations=1 (full 0):
 garbage-first heap   total 262144K, used 7708K [0x0000000700800000, 0x0000000800000000)
  region size 2048K, 2 young (4096K), 2 survivors (4096K)
 Metaspace       used 6017K, committed 6272K, reserved 1114112K
  class space    used 760K, committed 896K, reserved 1048576K
}

Deoptimization events (0 events):
No events

Classes unloaded (0 events):
No events

Classes redefined (0 events):
No events

Internal exceptions (16 events):
Event: 0.232 Thread 0x0000020ea13d32d0 Exception <a 'java/lang/NoSuchMethodError'{0x000000070fe77478}: 'java.lang.Object java.lang.invoke.DirectMethodHandle$Holder.invokeStaticInit(java.lang.Object)'> (0x000000070fe77478) 
thrown [s\open\src\hotspot\share\interpreter\linkResolver.cpp, line 759]
Event: 0.249 Thread 0x0000020ea13d32d0 Exception <a 'java/lang/NoSuchMethodError'{0x000000070fe92680}: 'int java.lang.invoke.DirectMethodHandle$Holder.invokeInterface(java.lang.Object, java.lang.Object)'> (0x000000070fe92680) 
thrown [s\open\src\hotspot\share\interpreter\linkResolver.cpp, line 759]
Event: 0.250 Thread 0x0000020ea13d32d0 Exception <a 'java/lang/IncompatibleClassChangeError'{0x000000070fe95c80}: Found class java.lang.Object, but interface was expected> (0x000000070fe95c80) 
thrown [s\open\src\hotspot\share\interpreter\linkResolver.cpp, line 826]
Event: 0.250 Thread 0x0000020ea13d32d0 Exception <a 'java/lang/NoSuchMethodError'{0x000000070fe9b8c0}: 'void java.lang.invoke.DirectMethodHandle$Holder.invokeStatic(java.lang.Object, java.lang.Object)'> (0x000000070fe9b8c0) 
thrown [s\open\src\hotspot\share\interpreter\linkResolver.cpp, line 759]
Event: 0.301 Thread 0x0000020ea13d32d0 Exception <a 'java/lang/NoSuchMethodError'{0x000000070ff68430}: 'int java.lang.invoke.DirectMethodHandle$Holder.invokeSpecial(java.lang.Object, java.lang.Object, java.lang.Object)'> (0x000000070ff68430) 
thrown [s\open\src\hotspot\share\interpreter\linkResolver.cpp, line 759]
Event: 0.352 Thread 0x0000020ea13d32d0 Exception <a 'java/lang/NoSuchMethodError'{0x000000070fc66db0}: 'void java.lang.invoke.DirectMethodHandle$Holder.invokeStatic(java.lang.Object, java.lang.Object, java.lang.Object)'> (0x000000070fc66db0) 
thrown [s\open\src\hotspot\share\interpreter\linkResolver.cpp, line 759]
Event: 0.399 Thread 0x0000020ea13d32d0 Exception <a 'java/lang/NoSuchMethodError'{0x000000070fcab1e8}: 'int java.lang.invoke.DirectMethodHandle$Holder.invokeSpecialIFC(java.lang.Object, java.lang.Object, java.lang.Object)'> (0x000000070fcab1e8) 
thrown [s\open\src\hotspot\share\interpreter\linkResolver.cpp, line 759]
Event: 0.433 Thread 0x0000020ea13d32d0 Exception <a 'java/lang/NoSuchMethodError'{0x000000070fd21c88}: 'java.lang.Object java.lang.invoke.DirectMethodHandle$Holder.invokeStaticInit(java.lang.Object, int, int, int, int)'> (0x000000070fd21c88) 
thrown [s\open\src\hotspot\share\interpreter\linkResolver.cpp, line 759]
Event: 0.497 Thread 0x0000020ea13d32d0 Exception <a 'java/lang/NoSuchMethodError'{0x000000070fa02eb8}: 'java.lang.Object java.lang.invoke.DirectMethodHandle$Holder.invokeStaticInit(java.lang.Object, java.lang.Object, int, int, int, int)'> (0x000000070fa02eb8) 
thrown [s\open\src\hotspot\share\interpreter\linkResolver.cpp, line 759]
Event: 0.505 Thread 0x0000020ea13d32d0 Exception <a 'java/lang/ClassNotFoundException'{0x000000070fa1e630}: javax/management/remote/rmi/RMIServerImpl_Skel> (0x000000070fa1e630) 
thrown [s\open\src\hotspot\share\classfile\systemDictionary.cpp, line 256]
Event: 0.538 Thread 0x0000020ea13d32d0 Exception <a 'java/lang/ClassNotFoundException'{0x000000070fb85d78}: jdk/internal/agent/resources/spi/agentProvider> (0x000000070fb85d78) 
thrown [s\open\src\hotspot\share\classfile\systemDictionary.cpp, line 256]
Event: 0.638 Thread 0x0000020ea13d32d0 Exception <a 'java/lang/NoSuchMethodError'{0x000000070f612350}: 'java.lang.Object java.lang.invoke.DirectMethodHandle$Holder.invokeSpecial(java.lang.Object, java.lang.Object, java.lang.Object, long, java.lang.Object)'> (0x000000070f612350) 
thrown [s\open\src\hotspot\share\interpreter\linkResolver.cpp, line 759]
Event: 0.638 Thread 0x0000020ea13d32d0 Exception <a 'java/lang/NoSuchMethodError'{0x000000070f615f20}: 'java.lang.Object java.lang.invoke.Invokers$Holder.linkToTargetMethod(java.lang.Object, long, java.lang.Object, java.lang.Object)'> (0x000000070f615f20) 
thrown [s\open\src\hotspot\share\interpreter\linkResolver.cpp, line 759]
Event: 0.722 Thread 0x0000020ea13d32d0 Exception <a 'java/lang/NoSuchMethodError'{0x000000070f42db40}: 'void java.lang.invoke.DirectMethodHandle$Holder.invokeStatic(java.lang.Object, java.lang.Object, java.lang.Object, java.lang.Object)'> (0x000000070f42db40) 
thrown [s\open\src\hotspot\share\interpreter\linkResolver.cpp, line 759]
Event: 0.752 Thread 0x0000020ea13d32d0 Exception <a 'java/lang/NoSuchMethodError'{0x000000070f55b5e0}: 'int java.lang.invoke.DirectMethodHandle$Holder.invokeStaticInit(java.lang.Object, java.lang.Object)'> (0x000000070f55b5e0) 
thrown [s\open\src\hotspot\share\interpreter\linkResolver.cpp, line 759]
Event: 0.758 Thread 0x0000020ea13d32d0 Exception <a 'java/lang/NoSuchMethodError'{0x000000070f59a5b0}: 'void java.lang.invoke.DirectMethodHandle$Holder.invokeInterface(java.lang.Object, java.lang.Object, java.lang.Object, java.lang.Object)'> (0x000000070f59a5b0) 
thrown [s\open\src\hotspot\share\interpreter\linkResolver.cpp, line 759]

VM Operations (16 events):
Event: 0.140 Executing VM operation: HandshakeAllThreads
Event: 0.140 Executing VM operation: HandshakeAllThreads done
Event: 0.256 Executing VM operation: HandshakeAllThreads
Event: 0.256 Executing VM operation: HandshakeAllThreads done
Event: 0.373 Executing VM operation: HandshakeAllThreads
Event: 0.373 Executing VM operation: HandshakeAllThreads done
Event: 0.419 Executing VM operation: HandshakeAllThreads
Event: 0.419 Executing VM operation: HandshakeAllThreads done
Event: 0.505 Executing VM operation: HandshakeAllThreads
Event: 0.505 Executing VM operation: HandshakeAllThreads done
Event: 0.587 Executing VM operation: HandshakeAllThreads
Event: 0.587 Executing VM operation: HandshakeAllThreads done
Event: 0.593 Executing VM operation: HandshakeAllThreads
Event: 0.594 Executing VM operation: HandshakeAllThreads done
Event: 0.770 Executing VM operation: G1CollectForAllocation
Event: 0.776 Executing VM operation: G1CollectForAllocation done

Events (20 events):
Event: 0.742 loading class jdk/internal/access/JavaUtilCollectionAccess done
Event: 0.742 loading class java/util/ImmutableCollections$Access$1 done
Event: 0.751 loading class java/lang/reflect/UndeclaredThrowableException
Event: 0.751 loading class java/lang/reflect/UndeclaredThrowableException done
Event: 0.785 loading class java/lang/NoSuchFieldError
Event: 0.785 loading class java/lang/NoSuchFieldError done
Event: 0.785 loading class java/lang/FunctionalInterface
Event: 0.785 loading class java/lang/FunctionalInterface done
Event: 0.788 loading class java/util/NoSuchElementException
Event: 0.788 loading class java/util/NoSuchElementException done
Event: 0.813 loading class java/lang/TypeNotPresentException
Event: 0.813 loading class java/lang/TypeNotPresentException done
Event: 0.816 loading class java/lang/reflect/WildcardType
Event: 0.816 loading class java/lang/reflect/WildcardType done
Event: 0.831 loading class java/util/concurrent/CountDownLatch
Event: 0.831 loading class java/util/concurrent/CountDownLatch done
Event: 0.831 loading class java/util/concurrent/CountDownLatch$Sync
Event: 0.831 loading class java/util/concurrent/CountDownLatch$Sync done
Event: 0.832 loading class java/lang/StackStreamFactory
Event: 0.832 loading class java/lang/StackStreamFactory done


Dynamic libraries:
0x00007ff72c000000 - 0x00007ff72c010000 	C:\Program Files\Java\jdk-17\bin\javaw.exe
0x00007ff817f50000 - 0x00007ff818148000 	C:\Windows\SYSTEM32\ntdll.dll
0x00007ff817620000 - 0x00007ff8176e2000 	C:\Windows\System32\KERNEL32.DLL
0x00007ff8158f0000 - 0x00007ff815be6000 	C:\Windows\System32\KERNELBASE.dll
0x00007ff815740000 - 0x00007ff815840000 	C:\Windows\System32\ucrtbase.dll
0x00007ffffcfa0000 - 0x00007ffffcfb9000 	C:\Program Files\Java\jdk-17\bin\jli.dll
0x00007ff816b50000 - 0x00007ff816bff000 	C:\Windows\System32\ADVAPI32.dll
0x00007ff816900000 - 0x00007ff81699e000 	C:\Windows\System32\msvcrt.dll
0x00007ff815fd0000 - 0x00007ff81606f000 	C:\Windows\System32\sechost.dll
0x00007ff817c50000 - 0x00007ff817d73000 	C:\Windows\System32\RPCRT4.dll
0x00007ff815cb0000 - 0x00007ff815cd7000 	C:\Windows\System32\bcrypt.dll
0x00007ffff5670000 - 0x00007ffff568b000 	C:\Program Files\Java\jdk-17\bin\VCRUNTIME140.dll
0x00007ff8179b0000 - 0x00007ff817b4d000 	C:\Windows\System32\USER32.dll
0x00007ff815bf0000 - 0x00007ff815c12000 	C:\Windows\System32\win32u.dll
0x00007ff8176f0000 - 0x00007ff81771b000 	C:\Windows\System32\GDI32.dll
0x00007ff815d60000 - 0x00007ff815e7a000 	C:\Windows\System32\gdi32full.dll
0x00007ff815e80000 - 0x00007ff815f1d000 	C:\Windows\System32\msvcp_win.dll
0x00007fffff7b0000 - 0x00007fffffa4a000 	C:\Windows\WinSxS\amd64_microsoft.windows.common-controls_6595b64144ccf1df_6.0.19041.4355_none_60b8b9eb71f62e16\COMCTL32.dll
0x00007ff80e4d0000 - 0x00007ff80e4da000 	C:\Windows\SYSTEM32\VERSION.dll
0x00007ff817ee0000 - 0x00007ff817f0f000 	C:\Windows\System32\IMM32.DLL
0x00007ffff5060000 - 0x00007ffff506c000 	C:\Program Files\Java\jdk-17\bin\vcruntime140_1.dll
0x00007fffd6fb0000 - 0x00007fffd703e000 	C:\Program Files\Java\jdk-17\bin\msvcp140.dll
0x00007fff7c870000 - 0x00007fff7d450000 	C:\Program Files\Java\jdk-17\bin\server\jvm.dll
0x00007ff817540000 - 0x00007ff817548000 	C:\Windows\System32\PSAPI.DLL
0x00007ffff5050000 - 0x00007ffff5059000 	C:\Windows\SYSTEM32\WSOCK32.dll
0x00007ff817550000 - 0x00007ff8175bb000 	C:\Windows\System32\WS2_32.dll
0x00007ff80a8f0000 - 0x00007ff80a917000 	C:\Windows\SYSTEM32\WINMM.dll
0x00007ff813460000 - 0x00007ff813472000 	C:\Windows\SYSTEM32\kernel.appcore.dll
0x00007ffff5040000 - 0x00007ffff504a000 	C:\Program Files\Java\jdk-17\bin\jimage.dll
0x00007ff809e40000 - 0x00007ff80a024000 	C:\Windows\SYSTEM32\DBGHELP.DLL
0x00007ffffcc70000 - 0x00007ffffcca4000 	C:\Windows\SYSTEM32\dbgcore.DLL
0x00007ff815c20000 - 0x00007ff815ca2000 	C:\Windows\System32\bcryptPrimitives.dll
0x00007ffff5010000 - 0x00007ffff5035000 	C:\Program Files\Java\jdk-17\bin\java.dll
0x00007fffd6ed0000 - 0x00007fffd6fa7000 	C:\Program Files\Java\jdk-17\bin\jsvml.dll
0x00007ff816070000 - 0x00007ff8167df000 	C:\Windows\System32\SHELL32.dll
0x00007ff813660000 - 0x00007ff813e03000 	C:\Windows\SYSTEM32\windows.storage.dll
0x00007ff817180000 - 0x00007ff8174d5000 	C:\Windows\System32\combase.dll
0x00007ff815010000 - 0x00007ff81503b000 	C:\Windows\SYSTEM32\Wldp.dll
0x00007ff816c00000 - 0x00007ff816ccd000 	C:\Windows\System32\OLEAUT32.dll
0x00007ff817e30000 - 0x00007ff817edd000 	C:\Windows\System32\SHCORE.dll
0x00007ff8175c0000 - 0x00007ff817615000 	C:\Windows\System32\shlwapi.dll
0x00007ff815510000 - 0x00007ff815535000 	C:\Windows\SYSTEM32\profapi.dll
0x00007ffff4c60000 - 0x00007ffff4c79000 	C:\Program Files\Java\jdk-17\bin\net.dll
0x00007ff80ee40000 - 0x00007ff80ef4a000 	C:\Windows\SYSTEM32\WINHTTP.dll
0x00007ff814d70000 - 0x00007ff814ddc000 	C:\Windows\system32\mswsock.dll
0x00007ffff4c40000 - 0x00007ffff4c56000 	C:\Program Files\Java\jdk-17\bin\nio.dll
0x00007ffff3dc0000 - 0x00007ffff3dd8000 	C:\Program Files\Java\jdk-17\bin\zip.dll
0x00007ffff3db0000 - 0x00007ffff3dba000 	C:\Program Files\Java\jdk-17\bin\management.dll
0x00007ffff3d60000 - 0x00007ffff3d6b000 	C:\Program Files\Java\jdk-17\bin\management_ext.dll
0x00007ffff7710000 - 0x00007ffff7727000 	C:\Windows\system32\napinsp.dll
0x00007ffff76f0000 - 0x00007ffff770b000 	C:\Windows\system32\pnrpnsp.dll
0x00007ffff7660000 - 0x00007ffff7675000 	C:\Windows\system32\wshbth.dll
0x00007ff812810000 - 0x00007ff81282d000 	C:\Windows\system32\NLAapi.dll
0x00007ff8149e0000 - 0x00007ff814a1b000 	C:\Windows\SYSTEM32\IPHLPAPI.DLL
0x00007ff814a40000 - 0x00007ff814b0a000 	C:\Windows\SYSTEM32\DNSAPI.dll
0x00007ff817c40000 - 0x00007ff817c48000 	C:\Windows\System32\NSI.dll
0x00007ffff7620000 - 0x00007ffff7632000 	C:\Windows\System32\winrnr.dll
0x00007ff8008d0000 - 0x00007ff8008da000 	C:\Windows\System32\rasadhlp.dll
0x00007ff805780000 - 0x00007ff805800000 	C:\Windows\System32\fwpuclnt.dll
0x00007ff814f70000 - 0x00007ff814f88000 	C:\Windows\SYSTEM32\CRYPTSP.dll
0x00007ff8145b0000 - 0x00007ff8145e8000 	C:\Windows\system32\rsaenh.dll
0x00007ff815490000 - 0x00007ff8154be000 	C:\Windows\SYSTEM32\USERENV.dll
0x00007ff814f60000 - 0x00007ff814f6c000 	C:\Windows\SYSTEM32\CRYPTBASE.dll
0x00007ff80f740000 - 0x00007ff80f757000 	C:\Windows\SYSTEM32\dhcpcsvc6.DLL
0x00007ff80f6a0000 - 0x00007ff80f6bd000 	C:\Windows\SYSTEM32\dhcpcsvc.DLL

dbghelp: loaded successfully - version: 4.0.5 - missing functions: none
symbol engine: initialized successfully - sym options: 0x614 - pdb path: .;C:\Program Files\Java\jdk-17\bin;C:\Windows\SYSTEM32;C:\Windows\WinSxS\amd64_microsoft.windows.common-controls_6595b64144ccf1df_6.0.19041.4355_none_60b8b9eb71f62e16;C:\Program Files\Java\jdk-17\bin\server

VM Arguments:
jvm_args: -Dcom.sun.management.jmxremote -Dcom.sun.management.jmxremote.port=59843 -Dcom.sun.management.jmxremote.authenticate=false -Dcom.sun.management.jmxremote.ssl=false -Djava.rmi.server.hostname=localhost -Dspring.jmx.enabled=true -Dmanagement.endpoints.jmx.exposure.include=* -Dspring.application.admin.enabled=true -Dspring.output.ansi.enabled=always -XX:TieredStopAtLevel=1 -Dspring.boot.project.name=blogpessoal -Dfile.encoding=UTF-8 -Dstdout.encoding=UTF-8 -Dstderr.encoding=UTF-8 -XX:+ShowCodeDetailsInExceptionMessages 
java_command: com.generation.blogpessoal.BlogpessoalApplication
java_class_path (initial): C:\Users\joaoa\Documents\workspace-spring-tool-suite-4-4.29.0.RELEASE\blogpessoal\target\classes;C:\Users\joaoa\.m2\repository\org\springframework\boot\spring-boot-starter-data-jpa\3.4.4\spring-boot-starter-data-jpa-3.4.4.jar;C:\Users\joaoa\.m2\repository\org\springframework\boot\spring-boot-starter\3.4.4\spring-boot-starter-3.4.4.jar;C:\Users\joaoa\.m2\repository\org\springframework\boot\spring-boot-starter-logging\3.4.4\spring-boot-starter-logging-3.4.4.jar;C:\Users\joaoa\.m2\repository\ch\qos\logback\logback-classic\1.5.18\logback-classic-1.5.18.jar;C:\Users\joaoa\.m2\repository\ch\qos\logback\logback-core\1.5.18\logback-core-1.5.18.jar;C:\Users\joaoa\.m2\repository\org\apache\logging\log4j\log4j-to-slf4j\2.24.3\log4j-to-slf4j-2.24.3.jar;C:\Users\joaoa\.m2\repository\org\apache\logging\log4j\log4j-api\2.24.3\log4j-api-2.24.3.jar;C:\Users\joaoa\.m2\repository\org\slf4j\jul-to-slf4j\2.0.17\jul-to-slf4j-2.0.17.jar;C:\Users\joaoa\.m2\repository\jakarta\annotation\jakarta.annotation-api\2.1.1\jakarta.annotation-api-2.1.1.jar;C:\Users\joaoa\.m2\repository\org\yaml\snakeyaml\2.3\snakeyaml-2.3.jar;C:\Users\joaoa\.m2\repository\org\springframework\boot\spring-boot-starter-jdbc\3.4.4\spring-boot-starter-jdbc-3.4.4.jar;C:\Users\joaoa\.m2\repository\com\zaxxer\HikariCP\5.1.0\HikariCP-5.1.0.jar;C:\Users\joaoa\.m2\repository\org\springframework\spring-jdbc\6.2.5\spring-jdbc-6.2.5.jar;C:\Users\joaoa\.m2\repository\org\hibernate\orm\hibernate-core\6.6.11.Final\hibernate-core-6.6.11.Final.jar;C:\Users\joaoa\.m2\repository\jakarta\persistence\jakarta.persistence-api\3.1.0\jakarta.persistence-api-3.1.0.jar;C:\Users\joaoa\.m2\repository\jakarta\transaction\jakarta.transaction-api\2.0.1\jakarta.transaction-api-2.0.1.jar;C:\Users\joaoa\.m2\repository\org\jboss\logging\jboss-logging\3.6.1.Final\jboss-logging-3.6.1.Final.jar;C:\Users\joaoa\.m2\repository\org\hibernate\common\hibernate-commons-annotations\7.0.3.Final\hibernate-commons-annotations-7.0.3.Final.
Launcher Type: SUN_STANDARD

[Global flags]
     intx CICompilerCount                          = 3                                         {product} {ergonomic}
     uint ConcGCThreads                            = 2                                         {product} {ergonomic}
     uint G1ConcRefinementThreads                  = 6                                         {product} {ergonomic}
   size_t G1HeapRegionSize                         = 2097152                                   {product} {ergonomic}
    uintx GCDrainStackTargetSize                   = 64                                        {product} {ergonomic}
   size_t InitialHeapSize                          = 268435456                                 {product} {ergonomic}
     bool ManagementServer                         = true                                      {product} {command line}
   size_t MarkStackSize                            = 4194304                                   {product} {ergonomic}
   size_t MaxHeapSize                              = 4286578688                                {product} {ergonomic}
   size_t MaxNewSize                               = 2571108352                                {product} {ergonomic}
   size_t MinHeapDeltaBytes                        = 2097152                                   {product} {ergonomic}
   size_t MinHeapSize                              = 8388608                                   {product} {ergonomic}
    uintx NonProfiledCodeHeapSize                  = 0                                      {pd product} {ergonomic}
     bool ProfileInterpreter                       = false                                  {pd product} {command line}
    uintx ProfiledCodeHeapSize                     = 0                                      {pd product} {ergonomic}
     bool ShowCodeDetailsInExceptionMessages       = true                                   {manageable} {command line}
   size_t SoftMaxHeapSize                          = 4286578688                             {manageable} {ergonomic}
     intx TieredStopAtLevel                        = 1                                         {product} {command line}
     bool UseCompressedClassPointers               = true                           {product lp64_product} {ergonomic}
     bool UseCompressedOops                        = true                           {product lp64_product} {ergonomic}
     bool UseG1GC                                  = true                                      {product} {ergonomic}
     bool UseLargePagesIndividualAllocation        = false                                  {pd product} {ergonomic}

Logging:
Log output configuration:
 #0: stdout all=warning uptime,level,tags
 #1: stderr all=off uptime,level,tags

Environment Variables:
JAVA_HOME=C:\Program Files\Java\jdk-17
PATH=C:/Users/joaoa/Downloads/sts-4.29.0.RELEASE//plugins/org.eclipse.justj.openjdk.hotspot.jre.full.win32.x86_64_21.0.6.v20250130-0529/jre/bin/server;C:/Users/joaoa/Downloads/sts-4.29.0.RELEASE//plugins/org.eclipse.justj.openjdk.hotspot.jre.full.win32.x86_64_21.0.6.v20250130-0529/jre/bin;C:\Program Files\Common Files\Oracle\Java\javapath;C:\Windows\system32;C:\Windows;C:\Windows\System32\Wbem;C:\Windows\System32\WindowsPowerShell\v1.0\;C:\Windows\System32\OpenSSH\;C:\Program Files (x86)\NVIDIA Corporation\PhysX\Common;C:\Program Files\NVIDIA Corporation\NVIDIA NvDLISR;C:\MinGW\bin;C:\Program Files\Git\cmd;C:\Program Files\Java\jdk-17;C:\Program Files\nodejs\;C:\Program Files (x86)\Microsoft SQL Server\160\Tools\Binn\;C:\Program Files\Microsoft SQL Server\160\Tools\Binn\;C:\Program Files\Microsoft SQL Server\Client SDK\ODBC\170\Tools\Binn\;C:\Program Files\Microsoft SQL Server\160\DTS\Binn\;C:\Program Files (x86)\Microsoft SQL Server\160\DTS\Binn\;C:\Program Files\Microsoft SQL Server\150\Tools\Binn\;C:\Program Files\dotnet\;C:\Users\joaoa\AppData\Local\Microsoft\WindowsApps;C:\Users\joaoa\AppData\Local\Programs\Microsoft VS Code\bin;C:\MinGW\bin;C:\Users\joaoa\AppData\Roaming\npm;C:\Users\joaoa\.dotnet\tools;C:\Users\joaoa\Downloads\sts-4.29.0.RELEASE;
USERNAME=joaoa
OS=Windows_NT
PROCESSOR_IDENTIFIER=Intel64 Family 6 Model 158 Stepping 10, GenuineIntel



---------------  S Y S T E M  ---------------

OS:
 Windows 10 , 64 bit Build 19041 (10.0.19041.5678)
OS uptime: 0 days 1:11 hours

CPU: total 6 (initial active 6) (6 cores per cpu, 1 threads per core) family 6 model 158 stepping 10 microcode 0xd6, cx8, cmov, fxsr, mmx, 3dnowpref, sse, sse2, sse3, ssse3, sse4.1, sse4.2, popcnt, lzcnt, tsc, tscinvbit, avx, avx2, aes, erms, clmul, bmi1, bmi2, rtm, adx, fma, vzeroupper, clflush, clflushopt

Memory: 4k page, system-wide physical 16350M (5468M free)
TotalPageFile size 23826M (AvailPageFile size 3M)
current process WorkingSet (physical memory assigned to process): 75M, peak: 75M
current process commit charge ("private bytes"): 350M, peak: 350M

vm_info: Java HotSpot(TM) 64-Bit Server VM (17.0.12+8-LTS-286) for windows-amd64 JRE (17.0.12+8-LTS-286), built on Jun  5 2024 06:46:59 by "mach5one" with MS VC++ 17.6 (VS2022)

END.
